Reusing configuration cache.
> Task :core:generateExpectResourceCollectorsForCommonMain SKIPPED
> Task :core:convertXmlValueResourcesForJvmMain NO-SOURCE
> Task :core:generateComposeResClass SKIPPED
> Task :desktopApp:kmpPartiallyResolvedDependenciesChecker
> Task :desktopApp:exportLibraryDefinitions UP-TO-DATE
> Task :desktopApp:checkKotlinGradlePluginConfigurationErrors SKIPPED
> Task :database:jvmProcessResources NO-SOURCE
> Task :database:processJvmMainResources SKIPPED
> Task :i18n:kspKotlinJvm SKIPPED
> Task :core:kmpPartiallyResolvedDependenciesChecker
> Task :desktopApp:generateExpectResourceCollectorsForCommonMain UP-TO-DATE
> Task :desktopApp:generateComposeResClass UP-TO-DATE
> Task :i18n:transformCommonMainDependenciesMetadata UP-TO-DATE
> Task :database:kmpPartiallyResolvedDependenciesChecker
> Task :shared:kmpPartiallyResolvedDependenciesChecker
> Task :core:checkKotlinGradlePluginConfigurationErrors SKIPPED
> Task :shared:checkKotlinGradlePluginConfigurationErrors SKIPPED
> Task :i18n:kspCommonMainKotlinMetadata UP-TO-DATE
> Task :feedSync:database:kmpPartiallyResolvedDependenciesChecker
> Task :feedSync:database:checkKotlinGradlePluginConfigurationErrors SKIPPED
> Task :database:checkKotlinGradlePluginConfigurationErrors SKIPPED
> Task :core:convertXmlValueResourcesForCommonMain NO-SOURCE
> Task :feedSync:dropbox:kmpPartiallyResolvedDependenciesChecker
> Task :feedSync:dropbox:checkKotlinGradlePluginConfigurationErrors SKIPPED
> Task :feedSync:feedbin:kmpPartiallyResolvedDependenciesChecker
> Task :feedSync:feedbin:checkKotlinGradlePluginConfigurationErrors SKIPPED
> Task :feedSync:database:generateCommonMainFeedFlowFeedSyncDBInterface UP-TO-DATE
> Task :feedSync:networkcore:kmpPartiallyResolvedDependenciesChecker
> Task :i18n:kmpPartiallyResolvedDependenciesChecker
> Task :i18n:jvmProcessResources UP-TO-DATE
> Task :desktopApp:convertXmlValueResourcesForJvmMain NO-SOURCE
> Task :core:copyNonXmlValueResourcesForJvmMain NO-SOURCE
> Task :i18n:processJvmMainResources SKIPPED
> Task :feedSync:networkcore:checkKotlinGradlePluginConfigurationErrors SKIPPED
> Task :i18n:checkKotlinGradlePluginConfigurationErrors SKIPPED
> Task :feedSync:googledrive:kmpPartiallyResolvedDependenciesChecker
> Task :desktopApp:copyNonXmlValueResourcesForJvmMain UP-TO-DATE
> Task :feedSync:googledrive:checkKotlinGradlePluginConfigurationErrors SKIPPED
> Task :desktopApp:convertXmlValueResourcesForCommonMain NO-SOURCE
> Task :feedSync:greader:kmpPartiallyResolvedDependenciesChecker
> Task :feedSync:greader:checkKotlinGradlePluginConfigurationErrors SKIPPED
> Task :i18n:compileKotlinJvm UP-TO-DATE
> Task :feedSync:database:jvmProcessResources NO-SOURCE
> Task :feedSync:database:processJvmMainResources SKIPPED
> Task :desktopApp:prepareComposeResourcesTaskForJvmMain UP-TO-DATE
> Task :feedSync:dropbox:jvmProcessResources NO-SOURCE
> Task :feedSync:dropbox:processJvmMainResources SKIPPED
> Task :feedSync:icloud:kmpPartiallyResolvedDependenciesChecker
> Task :desktopApp:generateResourceAccessorsForJvmMain UP-TO-DATE
> Task :feedSync:icloud:checkKotlinGradlePluginConfigurationErrors SKIPPED
> Task :core:copyNonXmlValueResourcesForCommonMain NO-SOURCE
> Task :feedSync:networkcore:jvmProcessResources NO-SOURCE
> Task :feedSync:googledrive:jvmProcessResources NO-SOURCE
> Task :feedSync:networkcore:processJvmMainResources SKIPPED
> Task :feedSync:googledrive:processJvmMainResources SKIPPED
> Task :desktopApp:copyNonXmlValueResourcesForCommonMain NO-SOURCE
> Task :feedSync:greader:jvmProcessResources NO-SOURCE
> Task :feedSync:feedbin:jvmProcessResources NO-SOURCE
> Task :core:prepareComposeResourcesTaskForJvmMain NO-SOURCE
> Task :sharedUI:kmpPartiallyResolvedDependenciesChecker
> Task :i18n:compileJvmMainJava NO-SOURCE
> Task :feedSync:icloud:jvmProcessResources NO-SOURCE
> Task :sharedUI:convertXmlValueResourcesForCommonMain NO-SOURCE
> Task :sharedUI:convertXmlValueResourcesForJvmMain NO-SOURCE
> Task :core:prepareComposeResourcesTaskForCommonMain NO-SOURCE
> Task :core:generateResourceAccessorsForCommonMain SKIPPED
> Task :feedSync:feedbin:processJvmMainResources SKIPPED
> Task :feedSync:greader:processJvmMainResources SKIPPED
> Task :core:generateResourceAccessorsForJvmMain SKIPPED
> Task :i18n:jvmMainClasses UP-TO-DATE
> Task :feedSync:icloud:processJvmMainResources SKIPPED
> Task :sharedUI:checkKotlinGradlePluginConfigurationErrors SKIPPED
> Task :desktopApp:prepareComposeResourcesTaskForCommonMain NO-SOURCE
> Task :sharedUI:copyNonXmlValueResourcesForCommonMain NO-SOURCE
> Task :sharedUI:generateExpectResourceCollectorsForCommonMain SKIPPED
> Task :core:generateActualResourceCollectorsForJvmMain SKIPPED
> Task :core:assembleJvmMainResources UP-TO-DATE
> Task :sharedUI:generateComposeResClass SKIPPED
> Task :desktopApp:generateResourceAccessorsForCommonMain NO-SOURCE
> Task :i18n:jvmJar UP-TO-DATE
> Task :desktopApp:assembleJvmMainResources UP-TO-DATE
> Task :desktopApp:generateActualResourceCollectorsForJvmMain UP-TO-DATE
> Task :desktopApp:prepareAppResources NO-SOURCE
> Task :sharedUI:copyNonXmlValueResourcesForJvmMain NO-SOURCE
> Task :feedSync:icloud:compileKotlinJvm UP-TO-DATE
> Task :sharedUI:prepareComposeResourcesTaskForCommonMain NO-SOURCE
> Task :sharedUI:prepareComposeResourcesTaskForJvmMain NO-SOURCE
> Task :core:jvmProcessResources UP-TO-DATE
> Task :sharedUI:generateResourceAccessorsForCommonMain SKIPPED
> Task :core:processJvmMainResources SKIPPED
> Task :sharedUI:generateResourceAccessorsForJvmMain SKIPPED
> Task :sharedUI:assembleJvmMainResources UP-TO-DATE
> Task :feedSync:icloud:compileJvmMainJava NO-SOURCE
> Task :sharedUI:generateActualResourceCollectorsForJvmMain SKIPPED
> Task :feedSync:icloud:jvmMainClasses UP-TO-DATE
> Task :sharedUI:jvmProcessResources UP-TO-DATE
> Task :sharedUI:processJvmMainResources SKIPPED
> Task :feedSync:icloud:jvmJar UP-TO-DATE
> Task :core:compileKotlinJvm UP-TO-DATE
> Task :core:compileJvmMainJava NO-SOURCE
> Task :core:jvmMainClasses UP-TO-DATE
> Task :core:jvmJar UP-TO-DATE
> Task :feedSync:database:compileKotlinJvm UP-TO-DATE
> Task :feedSync:dropbox:compileKotlinJvm UP-TO-DATE
> Task :feedSync:networkcore:compileKotlinJvm UP-TO-DATE
> Task :feedSync:dropbox:compileJvmMainJava NO-SOURCE
> Task :feedSync:database:compileJvmMainJava NO-SOURCE
> Task :feedSync:networkcore:compileJvmMainJava NO-SOURCE
> Task :feedSync:networkcore:jvmMainClasses UP-TO-DATE
> Task :feedSync:database:jvmMainClasses UP-TO-DATE
> Task :feedSync:dropbox:jvmMainClasses UP-TO-DATE
> Task :feedSync:googledrive:compileKotlinJvm UP-TO-DATE
> Task :feedSync:database:jvmJar UP-TO-DATE
> Task :feedSync:dropbox:jvmJar UP-TO-DATE
> Task :feedSync:networkcore:jvmJar UP-TO-DATE
> Task :feedSync:googledrive:compileJvmMainJava NO-SOURCE
> Task :sharedUI:compileKotlinJvm UP-TO-DATE
> Task :feedSync:googledrive:jvmMainClasses UP-TO-DATE
> Task :sharedUI:compileJvmMainJava NO-SOURCE
> Task :sharedUI:jvmMainClasses UP-TO-DATE
> Task :feedSync:googledrive:jvmJar UP-TO-DATE
> Task :sharedUI:jvmJar UP-TO-DATE
.\gradlew.bat : WARNING: A terminally deprecated method in sun.misc.Unsafe has 
been called
At line:1 char:1
+ .\gradlew.bat desktopApp:run 2>&1 | Out-File -FilePath build_output.t ...
+ ~~~~~~~~~~~~~~~~~~~~~~~~~~~~~~~~~
    + CategoryInfo          : NotSpecified: (WARNING: A term...has been called:S 
   tring) [], RemoteException
    + FullyQualifiedErrorId : NativeCommandError
 
WARNING: sun.misc.Unsafe::objectFieldOffset has been called by 
com.intellij.util.containers.Unsafe (file:/C:/Users/Asus/.gradle/caches/modules-2
/files-2.1/app.cash.sqldelight/compiler-env/2.1.0/100de8868cae12550b0ebf9e118dc8b
c948e6183/compiler-env-2.1.0.jar)
WARNING: Please consider reporting this to the maintainers of class 
com.intellij.util.containers.Unsafe
WARNING: sun.misc.Unsafe::objectFieldOffset will be removed in a future release

> Task :database:generateCommonMainFeedFlowDBInterface
WARN: Attempt to load key 'ide.hide.excluded.files' for not yet loaded registry
WARN: Attempt to load key 'psi.sleep.in.validity.check' for not yet loaded 
registry
WARN: Attempt to load key 'psi.incremental.reparse.depth.limit' for not yet 
loaded registry
Unexpected IOException
java.nio.file.AccessDeniedException: C:\WINDOWS\sqlite-3.49.1.0-a0657c93-3082-41e
f-a5d4-5d4aa911f4ae-sqlitejdbc.dll.lck
	at java.base/sun.nio.fs.WindowsException.translateToIOException(WindowsException
.java:89)
	at java.base/sun.nio.fs.WindowsException.rethrowAsIOException(WindowsException.j
ava:103)
	at java.base/sun.nio.fs.WindowsException.rethrowAsIOException(WindowsException.j
ava:108)
	at java.base/sun.nio.fs.WindowsFileSystemProvider.newByteChannel(WindowsFileSyst
emProvider.java:231)
	at java.base/java.nio.file.Files.newByteChannel(Files.java:357)
	at java.base/java.nio.file.Files.createFile(Files.java:609)
	at 
org.sqlite.SQLiteJDBCLoader.extractAndLoadLibraryFile(SQLiteJDBCLoader.java:197)
	at 
org.sqlite.SQLiteJDBCLoader.loadSQLiteNativeLibrary(SQLiteJDBCLoader.java:332)
	at org.sqlite.SQLiteJDBCLoader.initialize(SQLiteJDBCLoader.java:76)
	at org.sqlite.core.NativeDB.load(NativeDB.java:70)
	at org.sqlite.SQLiteConnection.open(SQLiteConnection.java:280)
	at org.sqlite.SQLiteConnection.<init>(SQLiteConnection.java:67)
	at org.sqlite.jdbc3.JDBC3Connection.<init>(JDBC3Connection.java:28)
	at org.sqlite.jdbc4.JDBC4Connection.<init>(JDBC4Connection.java:19)
	at org.sqlite.JDBC.createConnection(JDBC.java:106)
	at org.sqlite.JDBC.connect(JDBC.java:79)
	at java.sql/java.sql.DriverManager.getConnection(DriverManager.java:613)
	at java.sql/java.sql.DriverManager.getConnection(DriverManager.java:222)
	at app.cash.sqldelight.dialects.sqlite_3_18.SqliteConnectionManager.getConnectio
n(SqliteConnectionManager.kt:26)
	at app.cash.sqldelight.core.lang.DatabaseFileViewProvider.getSchemaFile(Database
FileViewProviderFactory.kt:69)
	at app.cash.sqldelight.core.lang.SqlDelightFile.findDbFile$lambda$10(SqlDelightF
ile.kt:94)
	at com.intellij.openapi.vfs.VfsUtilCore$1.visitFileEx(VfsUtilCore.java:281)
	at com.intellij.openapi.vfs.VfsUtilCore.visitChildrenRecursively(VfsUtilCore.jav
a:296)
	at com.intellij.openapi.vfs.VfsUtilCore.visitChildrenRecursively(VfsUtilCore.jav
a:328)
	at com.intellij.openapi.vfs.VfsUtilCore.visitChildrenRecursively(VfsUtilCore.jav
a:328)
	at com.intellij.openapi.vfs.VfsUtilCore.visitChildrenRecursively(VfsUtilCore.jav
a:328)
	at com.intellij.openapi.vfs.VfsUtilCore.visitChildrenRecursively(VfsUtilCore.jav
a:328)
	at com.intellij.openapi.vfs.VfsUtilCore.visitChildrenRecursively(VfsUtilCore.jav
a:328)
	at com.intellij.openapi.vfs.VfsUtilCore.iterateChildrenRecursively(VfsUtilCore.j
ava:277)
	at com.intellij.openapi.vfs.VfsUtilCore.iterateChildrenRecursively(VfsUtilCore.j
ava:270)
	at app.cash.sqldelight.core.lang.SqlDelightFile.findDbFile(SqlDelightFile.kt:88)
	at app.cash.sqldelight.core.lang.MigrationFile.baseContributorFiles(MigrationFil
e.kt:28)
	at com.alecstrong.sql.psi.core.SqlFileBase.access$baseContributorFiles(SqlFileBa
se.kt:20)
	at com.alecstrong.sql.psi.core.SqlFileBase.schema(SqlFileBase.kt:189)
	at com.alecstrong.sql.psi.core.psi.mixins.SqlStmtListMixin.tablesAvailable(SqlSt
mtListMixin.kt:25)
	at com.alecstrong.sql.psi.core.psi.SqlCompositeElementImpl.tablesAvailable(SqlCo
mpositeElementImpl.kt:22)
	at com.alecstrong.sql.psi.core.psi.SqlSchemaContributorImpl.tablesAvailable(SqlC
ompositeElementImpl.kt:55)
	at com.alecstrong.sql.psi.core.psi.SqlCompositeElementImpl.tablesAvailable(SqlCo
mpositeElementImpl.kt:22)
	at com.alecstrong.sql.psi.core.psi.SqlCompositeElementImpl.tableAvailable(SqlCom
positeElementImpl.kt:33)
	at com.alecstrong.sql.psi.core.psi.mixins.TableNameMixin.annotate$lambda$0(Table
NameMixin.kt:42)
	at kotlin.SynchronizedLazyImpl.getValue(LazyJVM.kt:86)
	at com.alecstrong.sql.psi.core.psi.mixins.TableNameMixin.annotate$lambda$1(Table
NameMixin.kt:42)
	at com.alecstrong.sql.psi.core.psi.mixins.TableNameMixin.annotate(TableNameMixin
.kt:45)
	at com.alecstrong.sql.psi.core.SqlCoreEnvironment.annotateRecursively(SqlCoreEnv
ironment.kt:174)
	at com.alecstrong.sql.psi.core.SqlCoreEnvironment.annotateRecursively(SqlCoreEnv
ironment.kt:189)
	at com.alecstrong.sql.psi.core.SqlCoreEnvironment.annotateRecursively(SqlCoreEnv
ironment.kt:189)
	at com.alecstrong.sql.psi.core.SqlCoreEnvironment.annotateRecursively(SqlCoreEnv
ironment.kt:189)
	at com.alecstrong.sql.psi.core.SqlCoreEnvironment.annotateRecursively(SqlCoreEnv
ironment.kt:189)
	at com.alecstrong.sql.psi.core.SqlCoreEnvironment.annotate$lambda$3(SqlCoreEnvir
onment.kt:148)
	at app.cash.sqldelight.core.SqlDelightEnvironment.forSourceFiles$lambda$5(SqlDel
ightEnvironment.kt:125)
	at com.alecstrong.sql.psi.core.SqlCoreEnvironment.forSourceFiles$lambda$5(SqlCor
eEnvironment.kt:162)
	at com.alecstrong.sql.psi.core.CoreFileIndex.iterateContentUnderDirectory(SqlCor
eEnvironment.kt:219)
	at com.alecstrong.sql.psi.core.CoreFileIndex.iterateContentUnderDirectory(SqlCor
eEnvironment.kt:216)
	at com.alecstrong.sql.psi.core.CoreFileIndex.iterateContentUnderDirectory(SqlCor
eEnvironment.kt:216)
	at com.alecstrong.sql.psi.core.CoreFileIndex.iterateContentUnderDirectory(SqlCor
eEnvironment.kt:216)
	at com.alecstrong.sql.psi.core.CoreFileIndex.iterateContentUnderDirectory(SqlCor
eEnvironment.kt:216)
	at com.alecstrong.sql.psi.core.CoreFileIndex.iterateContentUnderDirectory(SqlCor
eEnvironment.kt:216)
	at com.alecstrong.sql.psi.core.CoreFileIndex.iterateContent(SqlCoreEnvironment.k
t:210)
	at com.alecstrong.sql.psi.core.SqlCoreEnvironment.forSourceFiles(SqlCoreEnvironm
ent.kt:159)
	at app.cash.sqldelight.core.SqlDelightEnvironment.forSourceFiles(SqlDelightEnvir
onment.kt:120)
	at com.alecstrong.sql.psi.core.SqlCoreEnvironment.annotate(SqlCoreEnvironment.kt
:223)
	at app.cash.sqldelight.core.SqlDelightEnvironment.generateSqlDelightFiles(SqlDel
ightEnvironment.kt:136)
	at app.cash.sqldelight.gradle.SqlDelightTask$GenerateInterfaces.execute(SqlDelig
htTask.kt:98)
	at org.gradle.workers.internal.DefaultWorkerServer.execute(DefaultWorkerServer.j
ava:68)
	at org.gradle.workers.internal.AbstractClassLoaderWorker$1.create(AbstractClassL
oaderWorker.java:54)
	at org.gradle.workers.internal.AbstractClassLoaderWorker$1.create(AbstractClassL
oaderWorker.java:48)
	at org.gradle.internal.classloader.ClassLoaderUtils.executeInClassloader(ClassLo
aderUtils.java:100)
	at org.gradle.workers.internal.AbstractClassLoaderWorker.executeInClassLoader(Ab
stractClassLoaderWorker.java:48)
	at org.gradle.workers.internal.IsolatedClassloaderWorker.run(IsolatedClassloader
Worker.java:49)
	at org.gradle.workers.internal.IsolatedClassloaderWorker.run(IsolatedClassloader
Worker.java:30)
	at 
org.gradle.workers.internal.WorkerDaemonServer.run(WorkerDaemonServer.java:109)
	at 
org.gradle.workers.internal.WorkerDaemonServer.run(WorkerDaemonServer.java:78)
	at org.gradle.process.internal.worker.request.WorkerAction.lambda$run$1(WorkerAc
tion.java:150)
	at org.gradle.process.internal.worker.child.WorkerLogEventListener.withWorkerLog
gingProtocol(WorkerLogEventListener.java:41)
	at org.gradle.process.internal.worker.request.WorkerAction.lambda$run$2(WorkerAc
tion.java:150)
	at org.gradle.internal.operations.CurrentBuildOperationRef.with(CurrentBuildOper
ationRef.java:84)
	at org.gradle.process.internal.worker.request.WorkerAction.run(WorkerAction.java
:142)
	at java.base/jdk.internal.reflect.DirectMethodHandleAccessor.invoke(DirectMethod
HandleAccessor.java:104)
	at java.base/java.lang.reflect.Method.invoke(Method.java:565)
	at 
org.gradle.internal.dispatch.MethodInvocation.invokeOn(MethodInvocation.java:77)
	at org.gradle.internal.dispatch.ReflectionDispatch.dispatch(ReflectionDispatch.j
ava:28)
	at org.gradle.internal.dispatch.ReflectionDispatch.dispatch(ReflectionDispatch.j
ava:19)
	at org.gradle.internal.remote.internal.hub.MessageHubBackedObjectConnection$Disp
atchWrapper.dispatch(MessageHubBackedObjectConnection.java:182)
	at org.gradle.internal.remote.internal.hub.MessageHubBackedObjectConnection$Disp
atchWrapper.dispatch(MessageHubBackedObjectConnection.java:164)
	at org.gradle.internal.remote.internal.hub.MessageHub$Handler.run(MessageHub.jav
a:414)
	at org.gradle.internal.concurrent.ExecutorPolicy$CatchAndRecordFailures.onExecut
e(ExecutorPolicy.java:64)
	at org.gradle.internal.concurrent.AbstractManagedExecutor$1.run(AbstractManagedE
xecutor.java:47)
	at java.base/java.util.concurrent.ThreadPoolExecutor.runWorker(ThreadPoolExecuto
r.java:1090)
	at java.base/java.util.concurrent.ThreadPoolExecutor$Worker.run(ThreadPoolExecut
or.java:614)
	at java.base/java.lang.Thread.run(Thread.java:1474)
Failed to load native library through System.loadLibrary
java.lang.UnsatisfiedLinkError: no sqlitejdbc in java.library.path: C:\Program 
Files\Eclipse Adoptium\jdk-25.0.1.8-hotspot\bin;C:\WINDOWS\Sun\Java\bin;C:\WINDOW
S\system32;C:\WINDOWS;.
	at java.base/java.lang.ClassLoader.loadLibrary(ClassLoader.java:2285)
	at java.base/java.lang.Runtime.loadLibrary0(Runtime.java:822)
	at java.base/java.lang.System.loadLibrary(System.java:1685)
	at org.sqlite.SQLiteJDBCLoader.loadNativeLibraryJdk(SQLiteJDBCLoader.java:287)
	at 
org.sqlite.SQLiteJDBCLoader.loadSQLiteNativeLibrary(SQLiteJDBCLoader.java:356)
	at org.sqlite.SQLiteJDBCLoader.initialize(SQLiteJDBCLoader.java:76)
	at org.sqlite.core.NativeDB.load(NativeDB.java:70)
	at org.sqlite.SQLiteConnection.open(SQLiteConnection.java:280)
	at org.sqlite.SQLiteConnection.<init>(SQLiteConnection.java:67)
	at org.sqlite.jdbc3.JDBC3Connection.<init>(JDBC3Connection.java:28)
	at org.sqlite.jdbc4.JDBC4Connection.<init>(JDBC4Connection.java:19)
	at org.sqlite.JDBC.createConnection(JDBC.java:106)
	at org.sqlite.JDBC.connect(JDBC.java:79)
	at java.sql/java.sql.DriverManager.getConnection(DriverManager.java:613)
	at java.sql/java.sql.DriverManager.getConnection(DriverManager.java:222)
	at app.cash.sqldelight.dialects.sqlite_3_18.SqliteConnectionManager.getConnectio
n(SqliteConnectionManager.kt:26)
	at app.cash.sqldelight.core.lang.DatabaseFileViewProvider.getSchemaFile(Database
FileViewProviderFactory.kt:69)
	at app.cash.sqldelight.core.lang.SqlDelightFile.findDbFile$lambda$10(SqlDelightF
ile.kt:94)
	at com.intellij.openapi.vfs.VfsUtilCore$1.visitFileEx(VfsUtilCore.java:281)
	at com.intellij.openapi.vfs.VfsUtilCore.visitChildrenRecursively(VfsUtilCore.jav
a:296)
	at com.intellij.openapi.vfs.VfsUtilCore.visitChildrenRecursively(VfsUtilCore.jav
a:328)
	at com.intellij.openapi.vfs.VfsUtilCore.visitChildrenRecursively(VfsUtilCore.jav
a:328)
	at com.intellij.openapi.vfs.VfsUtilCore.visitChildrenRecursively(VfsUtilCore.jav
a:328)
	at com.intellij.openapi.vfs.VfsUtilCore.visitChildrenRecursively(VfsUtilCore.jav
a:328)
	at com.intellij.openapi.vfs.VfsUtilCore.visitChildrenRecursively(VfsUtilCore.jav
a:328)
	at com.intellij.openapi.vfs.VfsUtilCore.iterateChildrenRecursively(VfsUtilCore.j
ava:277)
	at com.intellij.openapi.vfs.VfsUtilCore.iterateChildrenRecursively(VfsUtilCore.j
ava:270)
	at app.cash.sqldelight.core.lang.SqlDelightFile.findDbFile(SqlDelightFile.kt:88)
	at app.cash.sqldelight.core.lang.MigrationFile.baseContributorFiles(MigrationFil
e.kt:28)
	at com.alecstrong.sql.psi.core.SqlFileBase.access$baseContributorFiles(SqlFileBa
se.kt:20)
	at com.alecstrong.sql.psi.core.SqlFileBase.schema(SqlFileBase.kt:189)
	at com.alecstrong.sql.psi.core.psi.mixins.SqlStmtListMixin.tablesAvailable(SqlSt
mtListMixin.kt:25)
	at com.alecstrong.sql.psi.core.psi.SqlCompositeElementImpl.tablesAvailable(SqlCo
mpositeElementImpl.kt:22)
	at com.alecstrong.sql.psi.core.psi.SqlSchemaContributorImpl.tablesAvailable(SqlC
ompositeElementImpl.kt:55)
	at com.alecstrong.sql.psi.core.psi.SqlCompositeElementImpl.tablesAvailable(SqlCo
mpositeElementImpl.kt:22)
	at com.alecstrong.sql.psi.core.psi.SqlCompositeElementImpl.tableAvailable(SqlCom
positeElementImpl.kt:33)
	at com.alecstrong.sql.psi.core.psi.mixins.TableNameMixin.annotate$lambda$0(Table
NameMixin.kt:42)
	at kotlin.SynchronizedLazyImpl.getValue(LazyJVM.kt:86)
	at com.alecstrong.sql.psi.core.psi.mixins.TableNameMixin.annotate$lambda$1(Table
NameMixin.kt:42)
	at com.alecstrong.sql.psi.core.psi.mixins.TableNameMixin.annotate(TableNameMixin
.kt:45)
	at com.alecstrong.sql.psi.core.SqlCoreEnvironment.annotateRecursively(SqlCoreEnv
ironment.kt:174)
	at com.alecstrong.sql.psi.core.SqlCoreEnvironment.annotateRecursively(SqlCoreEnv
ironment.kt:189)
	at com.alecstrong.sql.psi.core.SqlCoreEnvironment.annotateRecursively(SqlCoreEnv
ironment.kt:189)
	at com.alecstrong.sql.psi.core.SqlCoreEnvironment.annotateRecursively(SqlCoreEnv
ironment.kt:189)
	at com.alecstrong.sql.psi.core.SqlCoreEnvironment.annotateRecursively(SqlCoreEnv
ironment.kt:189)
	at com.alecstrong.sql.psi.core.SqlCoreEnvironment.annotate$lambda$3(SqlCoreEnvir
onment.kt:148)
	at app.cash.sqldelight.core.SqlDelightEnvironment.forSourceFiles$lambda$5(SqlDel
ightEnvironment.kt:125)
	at com.alecstrong.sql.psi.core.SqlCoreEnvironment.forSourceFiles$lambda$5(SqlCor
eEnvironment.kt:162)
	at com.alecstrong.sql.psi.core.CoreFileIndex.iterateContentUnderDirectory(SqlCor
eEnvironment.kt:219)
	at com.alecstrong.sql.psi.core.CoreFileIndex.iterateContentUnderDirectory(SqlCor
eEnvironment.kt:216)
	at com.alecstrong.sql.psi.core.CoreFileIndex.iterateContentUnderDirectory(SqlCor
eEnvironment.kt:216)
	at com.alecstrong.sql.psi.core.CoreFileIndex.iterateContentUnderDirectory(SqlCor
eEnvironment.kt:216)
	at com.alecstrong.sql.psi.core.CoreFileIndex.iterateContentUnderDirectory(SqlCor
eEnvironment.kt:216)
	at com.alecstrong.sql.psi.core.CoreFileIndex.iterateContentUnderDirectory(SqlCor
eEnvironment.kt:216)
	at com.alecstrong.sql.psi.core.CoreFileIndex.iterateContent(SqlCoreEnvironment.k
t:210)
	at com.alecstrong.sql.psi.core.SqlCoreEnvironment.forSourceFiles(SqlCoreEnvironm
ent.kt:159)
	at app.cash.sqldelight.core.SqlDelightEnvironment.forSourceFiles(SqlDelightEnvir
onment.kt:120)
	at com.alecstrong.sql.psi.core.SqlCoreEnvironment.annotate(SqlCoreEnvironment.kt
:223)
	at app.cash.sqldelight.core.SqlDelightEnvironment.generateSqlDelightFiles(SqlDel
ightEnvironment.kt:136)
	at app.cash.sqldelight.gradle.SqlDelightTask$GenerateInterfaces.execute(SqlDelig
htTask.kt:98)
	at org.gradle.workers.internal.DefaultWorkerServer.execute(DefaultWorkerServer.j
ava:68)
	at org.gradle.workers.internal.AbstractClassLoaderWorker$1.create(AbstractClassL
oaderWorker.java:54)
	at org.gradle.workers.internal.AbstractClassLoaderWorker$1.create(AbstractClassL
oaderWorker.java:48)
	at org.gradle.internal.classloader.ClassLoaderUtils.executeInClassloader(ClassLo
aderUtils.java:100)
	at org.gradle.workers.internal.AbstractClassLoaderWorker.executeInClassLoader(Ab
stractClassLoaderWorker.java:48)
	at org.gradle.workers.internal.IsolatedClassloaderWorker.run(IsolatedClassloader
Worker.java:49)
	at org.gradle.workers.internal.IsolatedClassloaderWorker.run(IsolatedClassloader
Worker.java:30)
	at 
org.gradle.workers.internal.WorkerDaemonServer.run(WorkerDaemonServer.java:109)
	at 
org.gradle.workers.internal.WorkerDaemonServer.run(WorkerDaemonServer.java:78)
	at org.gradle.process.internal.worker.request.WorkerAction.lambda$run$1(WorkerAc
tion.java:150)
	at org.gradle.process.internal.worker.child.WorkerLogEventListener.withWorkerLog
gingProtocol(WorkerLogEventListener.java:41)
	at org.gradle.process.internal.worker.request.WorkerAction.lambda$run$2(WorkerAc
tion.java:150)
	at org.gradle.internal.operations.CurrentBuildOperationRef.with(CurrentBuildOper
ationRef.java:84)
	at org.gradle.process.internal.worker.request.WorkerAction.run(WorkerAction.java
:142)
	at java.base/jdk.internal.reflect.DirectMethodHandleAccessor.invoke(DirectMethod
HandleAccessor.java:104)
	at java.base/java.lang.reflect.Method.invoke(Method.java:565)
	at 
org.gradle.internal.dispatch.MethodInvocation.invokeOn(MethodInvocation.java:77)
	at org.gradle.internal.dispatch.ReflectionDispatch.dispatch(ReflectionDispatch.j
ava:28)
	at org.gradle.internal.dispatch.ReflectionDispatch.dispatch(ReflectionDispatch.j
ava:19)
	at org.gradle.internal.remote.internal.hub.MessageHubBackedObjectConnection$Disp
atchWrapper.dispatch(MessageHubBackedObjectConnection.java:182)
	at org.gradle.internal.remote.internal.hub.MessageHubBackedObjectConnection$Disp
atchWrapper.dispatch(MessageHubBackedObjectConnection.java:164)
	at org.gradle.internal.remote.internal.hub.MessageHub$Handler.run(MessageHub.jav
a:414)
	at org.gradle.internal.concurrent.ExecutorPolicy$CatchAndRecordFailures.onExecut
e(ExecutorPolicy.java:64)
	at org.gradle.internal.concurrent.AbstractManagedExecutor$1.run(AbstractManagedE
xecutor.java:47)
	at java.base/java.util.concurrent.ThreadPoolExecutor.runWorker(ThreadPoolExecuto
r.java:1090)
	at java.base/java.util.concurrent.ThreadPoolExecutor$Worker.run(ThreadPoolExecut
or.java:614)
	at java.base/java.lang.Thread.run(Thread.java:1474)

> Task :database:generateCommonMainFeedFlowDBInterface FAILED

FAILURE: Build failed with an exception.

* What went wrong:
Execution failed for task ':database:generateCommonMainFeedFlowDBInterface'.
> A failure occurred while executing 
app.cash.sqldelight.gradle.SqlDelightTask$GenerateInterfaces
   > Failed to compile E:/FeedFlowFork/feed-flow-fork/database/src/commonMain/sql
delight/com/prof18/feedflow/migrations/1.sqm:39:
       feed_item_temp


* Try:
> Run with --stacktrace option to get the stack trace.
> Run with --info or --debug option to get more log output.
> Run with --scan to generate a Build Scan (powered by Develocity).
> Get more help at https://help.gradle.org.

BUILD FAILED in 4s
46 actionable tasks: 14 executed, 32 up-to-date
Configuration cache entry reused.
